H+llo th+r+ ar+ som+ "+" in this t+xt.

+a

E

E

+
+
+++++
